// Jest Snapshot v1, https://goo.gl/fbAQLP

exports[`Table has a valid snapshot 1`] = `
<div
  className="table"
>
  <div
    className="table-row"
  >
    <span
      style={
        Object {
          "width": "40%",
        }
      }
    >
      <a
        href="https://reactjs.org/"
      >
        react
      </a>
    </span>
    <span
      style={
        Object {
          "width": "30%",
        }
      }
    >
       
      brian
       
    </span>
    <span
      style={
        Object {
          "width": "10%",
        }
      }
    >
       
      207
       
    </span>
    <span
      style={
        Object {
          "width": "10%",
        }
      }
    >
       
      55
       
    </span>
    <span
      style={
        Object {
          "width": "10%",
        }
      }
    >
      <button
        className="button-inline"
        onClick={[Function]}
        type="button"
      >
        Dismiss
      </button>
    </span>
  </div>
  <div
    className="table-row"
  >
    <span
      style={
        Object {
          "width": "40%",
        }
      }
    >
      <a
        href="https://redux.js.org/"
      >
        redux
      </a>
    </span>
    <span
      style={
        Object {
          "width": "30%",
        }
      }
    >
       
      blobmaster
       
    </span>
    <span
      style={
        Object {
          "width": "10%",
        }
      }
    >
       
      702
       
    </span>
    <span
      style={
        Object {
          "width": "10%",
        }
      }
    >
       
      36
       
    </span>
    <span
      style={
        Object {
          "width": "10%",
        }
      }
    >
      <button
        className="button-inline"
        onClick={[Function]}
        type="button"
      >
        Dismiss
      </button>
    </span>
  </div>
</div>
`;
